// Jest Snapshot v1, https://goo.gl/fbAQLP

exports[`renders without crashing 1`] = `
<article
  className="Thumbnail"
  style={Object {}}
>
  <span
    className="Thumbnail_Caption"
  >
    Alps
  </span>
</article>
`;
